]0;~/Documents/programming/rProjects/storms_dplyr[?1034h[0;32mfreddydrennan@MNG-IT-M-099[0m:~/Documents/programming/rProjects/storms_dplyr[0;33m[0m$ [K[0;32mfreddydrennan@MNG-IT-M-099[0m:~/Documents/programming/rProjects/storms_dplyr[0;333m[0m$ echo "# storms" >> README.md
]0;~/Documents/programming/rProjects/storms_dplyr[0;32mfreddydrennan@MNG-IT-M-099[0m:~/Documents/programming/rProjects/storms__dplyr[0;33m[0m$ git init
Initialized empty Git repository in /Users/freddydrennan/Documents/programming/rProjects/storms_dplyr/.git/
]0;~/Documents/programming/rProjects/storms_dplyr[0;32mfreddydrennan@MNG-IT-M-099[0m:~/Documents/programming/rProjects/storms__dplyr[0;33m[0m$ git add README.md
]0;~/Documents/programming/rProjects/storms_dplyr[0;32mfreddydrennan@MNG-IT-M-099[0m:~/Documents/programming/rProjects/storms__dplyr[0;33m[0m$ git commit -m "first commit"
[master (root-commit) 7c543db] first commit
 1 file changed, 1 insertion(+)
 create mode 100644 README.md
]0;~/Documents/programming/rProjects/storms_dplyr[0;32mfreddydrennan@MNG-IT-M-099[0m:~/Documents/programming/rProjects/storms__dplyr[0;33m (master)[0m$ git remote add origin https://github.com/fdrennan/ storms.git
]0;~/Documents/programming/rProjects/storms_dplyr[0;32mfreddydrennan@MNG-IT-M-099[0m:~/Documents/programming/rProjects/storms__dplyr[0;33m (master)[0m$ git push -u origin master
Counting objects: 3, done.
Writing objects:  33% (1/3)   Writing objects:  66% (2/3)   Writing objects: 100% (3/3)   Writing objects: 100% (3/3), 224 bytes | 0 bytes/s, done.
Total 3 (delta 0), reused 0 (delta 0)
To https://github.com/fdrennan/storms.git
 * [new branch]      master -> master
Branch master set up to track remote branch master from origin.
]0;~/Documents/programming/rProjects/storms_dplyr[0;32mfreddydrennan@MNG-IT-M-099[0m:~/Documents/programming/rProjects/storms__dplyr[0;33m (master)[0m$ git push [K[K[K[K[Kadd --all
]0;~/Documents/programming/rProjects/storms_dplyr[0;32mfreddydrennan@MNG-IT-M-099[0m:~/Documents/programming/rProjects/storms__dplyr[0;33m (master)[0m$ git push [K[K[K[K[Kcommit -m 'new commit'
[master a994d40] new commit
 13 files changed, 385 insertions(+)
 create mode 100644 .Rproj.user/4723C48C/console06/97D4CF5F
 create mode 100644 .Rproj.user/4723C48C/console06/97D4CF5F.env
 create mode 100644 .Rproj.user/4723C48C/console06/INDEX001
 create mode 100644 .Rproj.user/4723C48C/sources/prop/A393FDC8
 create mode 100644 .Rproj.user/4723C48C/sources/prop/INDEX
 create mode 100644 .Rproj.user/4723C48C/sources/s-79C8D86D/CF87585D
 create mode 100644 .Rproj.user/4723C48C/sources/s-79C8D86D/CF87585D-contents
 create mode 100644 .Rproj.user/4723C48C/sources/s-79C8D86D/lock_file
 create mode 100644 .Rproj.user/shared/notebooks/C21C1D83-storms/1/s/chunks.json
 create mode 100644 .Rproj.user/shared/notebooks/patch-chunk-names
 create mode 100644 .Rproj.user/shared/notebooks/paths
 create mode 100644 storms.Rmd
 create mode 100644 storms_dplyr.Rproj
]0;~/Documents/programming/rProjects/storms_dplyr[0;32mfreddydrennan@MNG-IT-M-099[0m:~/Documents/programming/rProjects/storms__dplyr[0;33m (master)[0m$ git push origin master
Counting objects: 24, done.
Delta compression using up to 4 threads.
Compressing objects:   5% (1/19)   Compressing objects:  10% (2/19)   Compressing objects:  15% (3/19)   Compressing objects:  21% (4/19)   Compressing objects:  26% (5/19)   Compressing objects:  31% (6/19)   Compressing objects:  36% (7/19)   Compressing objects:  42% (8/19)   Compressing objects:  47% (9/19)   Compressing objects:  52% (10/19)   Compressing objects:  57% (11/19)   Compressing objects:  63% (12/19)   Compressing objects:  68% (13/19)   Compressing objects:  73% (14/19)   Compressing objects:  78% (15/19)   Compressing objects:  84% (16/19)   Compressing objects:  89% (17/19)   Compressing objects:  94% (18/19)   Compressing objects: 100% (19/19)   Compressing objects: 100% (19/19), done.
Writing objects:   4% (1/24)   Writing objects:   8% (2/24)   Writing objects:  12% (3/24)   Writing objects:  16% (4/24)   Writing objects:  20% (5/24)   Writing objects:  25% (6/24)   Writing objects:  29% (7/24)   Writing objects:  33% (8/24)   Writing objects:  37% (9/24)   Writing objects:  41% (10/24)   Writing objects:  45% (11/24)   Writing objects:  50% (12/24)   Writing objects:  54% (13/24)   Writing objects:  58% (14/24)   Writing objects:  62% (15/24)   Writing objects:  66% (16/24)   Writing objects:  70% (17/24)   Writing objects:  75% (18/24)   Writing objects:  79% (19/24)   Writing objects:  83% (20/24)   Writing objects:  87% (21/24)   Writing objects:  91% (22/24)   Writing objects:  95% (23/24)   Writing objects: 100% (24/24)   Writing objects: 100% (24/24), 4.76 KiB | 0 bytes/s, done.
Total 24 (delta 0), reused 0 (delta 0)
To https://github.com/fdrennan/storms.git
   7c543db..a994d40  master -> master
[K[A[0;32mfreddydrennan@MNG-IT-M-099[0m:~/Documents/programming/rProjects/storms_dplyr[0;33m (master)[0m$ g it add --all
]0;~/Documents/programming/rProjects/storms_dplyr[0;32mfreddydrennan@MNG-IT-M-099[0m:~/Documents/programming/rProjects/storms_dplyr[0;33m (master)[0m$ g it commit -m 'minor changes'
[master b6cc6d0] minor changes
 9 files changed, 36 insertions(+), 161 deletions(-)
 rewrite .Rproj.user/4723C48C/console06/INDEX001 (100%)
 delete mode 100644 .Rproj.user/4723C48C/sources/s-79C8D86D/CF87585D
 delete mode 100644 .Rproj.user/4723C48C/sources/s-79C8D86D/CF87585D-contents
 delete mode 100644 .Rproj.user/4723C48C/sources/s-79C8D86D/lock_file
 create mode 100644 .gitignore
]0;~/Documents/programming/rProjects/storms_dplyr[0;32mfreddydrennan@MNG-IT-M-099[0m:~/Documents/programming/rProjects/storms_dplyr[0;33m (master)[0m$ g it push origin master
Counting objects: 18, done.
Delta compression using up to 4 threads.
Compressing objects:   8% (1/12)   Compressing objects:  16% (2/12)   Compressing objects:  25% (3/12)   Compressing objects:  33% (4/12)   Compressing objects:  41% (5/12)   Compressing objects:  50% (6/12)   Compressing objects:  58% (7/12)   Compressing objects:  66% (8/12)   Compressing objects:  75% (9/12)   Compressing objects:  83% (10/12)   Compressing objects:  91% (11/12)   Compressing objects: 100% (12/12)   Compressing objects: 100% (12/12), done.
Writing objects:   5% (1/18)   Writing objects:  11% (2/18)   Writing objects:  16% (3/18)   Writing objects:  22% (4/18)   Writing objects:  27% (5/18)   Writing objects:  33% (6/18)   Writing objects:  38% (7/18)   Writing objects:  44% (8/18)   Writing objects:  50% (9/18)   Writing objects:  55% (10/18)   Writing objects:  61% (11/18)   Writing objects:  66% (12/18)   Writing objects:  72% (13/18)   Writing objects:  77% (14/18)   Writing objects:  83% (15/18)   Writing objects:  88% (16/18)   Writing objects:  94% (17/18)   Writing objects: 100% (18/18)   Writing objects: 100% (18/18), 2.41 KiB | 0 bytes/s, done.
Total 18 (delta 2), reused 0 (delta 0)
remote: Resolving deltas:   0% (0/2)   [Kremote: Resolving deltas:  50% (1/2)   [Kremote: Resolving deltas: 100% (2/2)   [Kremote: Resolving deltas: 100% (2/2), completed with 2 local objects.[K
To https://github.com/fdrennan/storms.git
   a994d40..b6cc6d0  master -> master
]0;~/Documents/programming/rProjects/storms_dplyr[0;32mfreddydrennan@MNG-IT-M-099[0m:~/Documents/programming/rProjects/storms_dplyr[0;33m (master)[0m$ g it add --all
